HW_Init.c:430:13:HAL_FMC_MspInit	48	static
HW_Init.c:547:13:HAL_FMC_MspDeInit	8	static
HW_Init.c:86:6:MX_LCD_Init	112	static
HW_Init.c:161:6:MX_FMC_Init	40	static
HW_Init.c:200:6:MX_SDRAM_InitEx	32	static
HW_Init.c:256:6:MX_DMA2D_Init	8	static
HW_Init.c:282:6:HAL_LTDC_MspInit	40	static
HW_Init.c:368:6:HAL_LTDC_MspDeInit	8	static
HW_Init.c:535:6:HAL_SDRAM_MspInit	8	static
HW_Init.c:621:6:HAL_SDRAM_MspDeInit	8	static
HW_Init.c:631:6:HAL_DMA2D_MspInit	8	static
HW_Init.c:646:6:HAL_DMA2D_MspDeInit	0	static
