HW_Init.c:86:6:MX_LCD_Init	64	static
HW_Init.c:140:6:MX_FMC_Init	40	static
HW_Init.c:179:6:MX_SDRAM_InitEx	16	static
HW_Init.c:235:6:MX_DMA2D_Init	8	static
HW_Init.c:261:6:HAL_LTDC_MspInit	40	static
HW_Init.c:347:6:HAL_LTDC_MspDeInit	16	static
HW_Init.c:409:13:HAL_FMC_MspInit	32	static
HW_Init.c:514:6:HAL_SDRAM_MspInit	16	static
HW_Init.c:526:13:HAL_FMC_MspDeInit	8	static
HW_Init.c:600:6:HAL_SDRAM_MspDeInit	16	static
HW_Init.c:610:6:HAL_DMA2D_MspInit	24	static
HW_Init.c:625:6:HAL_DMA2D_MspDeInit	16	static
