STemwin_wrapper.c:143:13:_DMA_ExecOperation	0	static
STemwin_wrapper.c:158:12:GetPixelformat	0	static
STemwin_wrapper.c:196:13:TransferComplete	0	static
STemwin_wrapper.c:228:13:DMA2D_CopyBuffer	24	static
STemwin_wrapper.c:261:13:DMA2D_CopyBufferWithAlpha	24	static
STemwin_wrapper.c:304:13:DMA2D_FillBuffer	24	static
STemwin_wrapper.c:340:13:_DMA_ConvertColor	24	static
STemwin_wrapper.c:380:13:_DMA_Index2ColorBulk	16	static
STemwin_wrapper.c:133:1:_Index2ColorBulk_M8888I_DMA2D	16	static
STemwin_wrapper.c:134:1:_Index2ColorBulk_M888_DMA2D	16	static
STemwin_wrapper.c:137:1:_Index2ColorBulk_M4444I_DMA2D	16	static
STemwin_wrapper.c:135:1:_Index2ColorBulk_M565_DMA2D	16	static
STemwin_wrapper.c:136:1:_Index2ColorBulk_M1555I_DMA2D	16	static
STemwin_wrapper.c:405:13:_DMA_Color2IndexBulk	16	static
STemwin_wrapper.c:133:1:_Color2IndexBulk_M8888I_DMA2D	16	static
STemwin_wrapper.c:134:1:_Color2IndexBulk_M888_DMA2D	16	static
STemwin_wrapper.c:137:1:_Color2IndexBulk_M4444I_DMA2D	16	static
STemwin_wrapper.c:135:1:_Color2IndexBulk_M565_DMA2D	16	static
STemwin_wrapper.c:136:1:_Color2IndexBulk_M1555I_DMA2D	16	static
STemwin_wrapper.c:425:12:GetBufferSize	4	static
STemwin_wrapper.c:437:13:LCD_LL_CopyBuffer	40	static
STemwin_wrapper.c:459:13:LCD_LL_CopyRect	48	static
STemwin_wrapper.c:511:13:DMA2D_DrawBitmapL8	24	static
STemwin_wrapper.c:548:13:_DMA_DrawAlphaBitmap	32	static
STemwin_wrapper.c:575:13:_LCD_DrawBitmapAlpha	48	static
STemwin_wrapper.c:592:13:_LCD_DrawMemdevAlpha	32	static
STemwin_wrapper.c:611:6:LCD_LL_DrawBitmap16bpp	48	static
STemwin_wrapper.c:623:13:LCD_LL_DrawBitmap32bpp	48	static
STemwin_wrapper.c:646:13:LCD_LL_DrawBitmap8bpp	48	static
STemwin_wrapper.c:479:13:LCD_LL_FillRect	32	static
STemwin_wrapper.c:206:6:DMA2D_Init	8	static
STemwin_wrapper.c:666:6:HAL_LTDC_LineEventCallback	16	static
STemwin_wrapper.c:700:6:LCD_X_Config	24	static
STemwin_wrapper.c:787:5:LCD_X_DisplayDriver	24	static
STemwin_wrapper.c:874:6:GRAPHICS_IncTick	0	static
STemwin_wrapper.c:879:6:GRAPHICS_HW_Init	8	static
STemwin_wrapper.c:889:6:GRAPHICS_Init	8	static
