STemwin_wrapper.c:129:1:_Color2IndexBulk_M8888I_DMA2D	32	static
STemwin_wrapper.c:129:1:_Index2ColorBulk_M8888I_DMA2D	32	static
STemwin_wrapper.c:130:1:_Color2IndexBulk_M888_DMA2D	32	static
STemwin_wrapper.c:130:1:_Index2ColorBulk_M888_DMA2D	32	static
STemwin_wrapper.c:131:1:_Color2IndexBulk_M565_DMA2D	32	static
STemwin_wrapper.c:131:1:_Index2ColorBulk_M565_DMA2D	32	static
STemwin_wrapper.c:132:1:_Color2IndexBulk_M1555I_DMA2D	32	static
STemwin_wrapper.c:132:1:_Index2ColorBulk_M1555I_DMA2D	32	static
STemwin_wrapper.c:133:1:_Color2IndexBulk_M4444I_DMA2D	32	static
STemwin_wrapper.c:133:1:_Index2ColorBulk_M4444I_DMA2D	32	static
STemwin_wrapper.c:139:13:_DMA_ExecOperation	4	static
STemwin_wrapper.c:154:12:GetPixelformat	16	static
STemwin_wrapper.c:192:13:TransferComplete	16	static
STemwin_wrapper.c:202:6:DMA2D_Init	8	static
STemwin_wrapper.c:224:13:DMA2D_CopyBuffer	32	static
STemwin_wrapper.c:257:13:DMA2D_CopyBufferWithAlpha	32	static
STemwin_wrapper.c:300:13:DMA2D_FillBuffer	32	static
STemwin_wrapper.c:336:13:_DMA_ConvertColor	24	static
STemwin_wrapper.c:376:13:_DMA_Index2ColorBulk	32	static
STemwin_wrapper.c:401:13:_DMA_Color2IndexBulk	32	static
STemwin_wrapper.c:421:12:GetBufferSize	16	static
STemwin_wrapper.c:433:13:LCD_LL_CopyBuffer	72	static
STemwin_wrapper.c:455:13:LCD_LL_CopyRect	80	static
STemwin_wrapper.c:475:13:LCD_LL_FillRect	64	static
STemwin_wrapper.c:507:13:DMA2D_DrawBitmapL8	24	static
STemwin_wrapper.c:544:13:_DMA_DrawAlphaBitmap	24	static
STemwin_wrapper.c:571:13:_LCD_DrawBitmapAlpha	72	static
STemwin_wrapper.c:588:13:_LCD_DrawMemdevAlpha	48	static
STemwin_wrapper.c:607:6:LCD_LL_DrawBitmap16bpp	64	static
STemwin_wrapper.c:619:13:LCD_LL_DrawBitmap32bpp	64	static
STemwin_wrapper.c:642:13:LCD_LL_DrawBitmap8bpp	72	static
STemwin_wrapper.c:662:6:HAL_LTDC_LineEventCallback	32	static
STemwin_wrapper.c:696:6:LCD_X_Config	16	static
STemwin_wrapper.c:783:5:LCD_X_DisplayDriver	56	static
STemwin_wrapper.c:870:6:GRAPHICS_IncTick	4	static
STemwin_wrapper.c:875:6:GRAPHICS_HW_Init	8	static
STemwin_wrapper.c:885:6:GRAPHICS_Init	8	static
