mpu_wrappers.c:99:12:MPU_xTaskCreateRestricted	16	static
mpu_wrappers.c:111:13:MPU_xTaskCreate	32	static
mpu_wrappers.c:136:6:MPU_vTaskAllocateMPURegions	16	static
mpu_wrappers.c:146:7:MPU_vTaskDelete	16	static
mpu_wrappers.c:181:7:MPU_vTaskDelay	16	static
mpu_wrappers.c:192:14:MPU_uxTaskPriorityGet	16	static
mpu_wrappers.c:205:7:MPU_vTaskPrioritySet	16	static
mpu_wrappers.c:253:7:MPU_vTaskSuspend	16	static
mpu_wrappers.c:264:7:MPU_vTaskResume	16	static
mpu_wrappers.c:274:6:MPU_vTaskSuspendAll	8	static
mpu_wrappers.c:283:12:MPU_xTaskResumeAll	16	static
mpu_wrappers.c:294:12:MPU_xTaskGetTickCount	16	static
mpu_wrappers.c:305:13:MPU_uxTaskGetNumberOfTasks	16	static
mpu_wrappers.c:316:8:MPU_pcTaskGetName	16	static
mpu_wrappers.c:463:13:MPU_xTaskGetSchedulerState	16	static
mpu_wrappers.c:475:6:MPU_vTaskSetTimeOutState	16	static
mpu_wrappers.c:484:12:MPU_xTaskCheckForTimeOut	16	static
mpu_wrappers.c:496:13:MPU_xTaskGenericNotify	24	static
mpu_wrappers.c:509:13:MPU_xTaskNotifyWait	24	static
mpu_wrappers.c:522:11:MPU_ulTaskNotifyTake	16	static
mpu_wrappers.c:535:13:MPU_xTaskNotifyStateClear	16	static
mpu_wrappers.c:548:16:MPU_xQueueGenericCreate	24	static
mpu_wrappers.c:573:12:MPU_xQueueGenericReset	16	static
mpu_wrappers.c:584:12:MPU_xQueueGenericSend	24	static
mpu_wrappers.c:595:13:MPU_uxQueueMessagesWaiting	16	static
mpu_wrappers.c:606:13:MPU_uxQueueSpacesAvailable	16	static
mpu_wrappers.c:617:12:MPU_xQueueGenericReceive	24	static
mpu_wrappers.c:628:12:MPU_xQueuePeekFromISR	16	static
mpu_wrappers.c:639:7:MPU_xQueueGetMutexHolder	16	static
mpu_wrappers.c:651:16:MPU_xQueueCreateMutex	16	static
mpu_wrappers.c:704:13:MPU_xQueueTakeMutexRecursive	16	static
mpu_wrappers.c:717:13:MPU_xQueueGiveMutexRecursive	16	static
mpu_wrappers.c:782:7:MPU_vQueueAddToRegistry	16	static
mpu_wrappers.c:794:7:MPU_vQueueUnregisterQueue	16	static
mpu_wrappers.c:806:14:MPU_pcQueueGetName	16	static
mpu_wrappers.c:819:6:MPU_vQueueDelete	16	static
mpu_wrappers.c:831:8:MPU_pvPortMalloc	16	static
mpu_wrappers.c:848:7:MPU_vPortFree	16	static
mpu_wrappers.c:860:6:MPU_vPortInitialiseBlocks	8	static
mpu_wrappers.c:870:8:MPU_xPortGetFreeHeapSize	16	static
mpu_wrappers.c:1035:21:MPU_xEventGroupCreate	16	static
mpu_wrappers.c:1062:13:MPU_xEventGroupWaitBits	32	static
mpu_wrappers.c:1074:13:MPU_xEventGroupClearBits	16	static
mpu_wrappers.c:1086:13:MPU_xEventGroupSetBits	16	static
mpu_wrappers.c:1098:13:MPU_xEventGroupSync	24	static
mpu_wrappers.c:1110:6:MPU_vEventGroupDelete	16	static
