GUI_X_OS.c:77:5:GUI_X_GetTime	8	static
GUI_X_OS.c:82:6:GUI_X_Delay	8	static
GUI_X_OS.c:97:6:GUI_X_Init	0	static
GUI_X_OS.c:109:6:GUI_X_ExecIdle	0	static
GUI_X_OS.c:130:6:GUI_X_InitOS	16	static
GUI_X_OS.c:145:6:GUI_X_Unlock	8	static
GUI_X_OS.c:150:6:GUI_X_Lock	8	static
GUI_X_OS.c:156:5:GUI_X_GetTaskId	8	static
GUI_X_OS.c:162:6:GUI_X_WaitEvent	8	static
GUI_X_OS.c:168:6:GUI_X_SignalEvent	8	static
GUI_X_OS.c:187:6:GUI_X_Log	0	static
GUI_X_OS.c:188:6:GUI_X_Warn	0	static
GUI_X_OS.c:189:6:GUI_X_ErrorOut	0	static
