usbd_ctlreq.c:754:16:USBD_GetLen	0	static
usbd_ctlreq.c:646:13:USBD_SetFeature	8	static
usbd_ctlreq.c:696:6:USBD_ParseSetupRequest	0	static
usbd_ctlreq.c:714:6:USBD_CtlError	8	static
usbd_ctlreq.c:329:13:USBD_GetDescriptor	24	static
usbd_ctlreq.c:447:13:USBD_SetAddress	16	static
usbd_ctlreq.c:489:13:USBD_SetConfig	16	static
usbd_ctlreq.c:566:13:USBD_GetConfig	8	static
usbd_ctlreq.c:606:13:USBD_GetStatus	8	static
usbd_ctlreq.c:667:13:USBD_ClrFeature	8	static
usbd_ctlreq.c:117:21:USBD_StdDevReq	8	static
usbd_ctlreq.c:168:21:USBD_StdItfReq	16	static
usbd_ctlreq.c:205:21:USBD_StdEPReq	16	static
usbd_ctlreq.c:730:6:USBD_GetString	16	static
