main.c:509:13:MX_GPIO_Init	104	static
main.c:1295:6:StartUSBDTask	8	static
main.c:1305:6:StartSTEMWINTask	8	static
main.c:889:5:__io_putchar	16	static
main.c:896:5:_write	16	static
main.c:904:5:__io_getchar	16	static
main.c:914:5:_read	24	static
main.c:923:6:vOutputChar	0	static
main.c:927:12:xApplicationMemoryPermissions	0	static
main.c:932:7:pvPortCalloc	16	static
main.c:944:7:pvPortRealloc	16	static
main.c:1322:6:HAL_TIM_PeriodElapsedCallback	8	static
main.c:1340:6:_Error_Handler	8	static
main.c:340:13:MX_ADC3_Init	24	static
main.c:421:13:MX_USART1_UART_Init	8	static
main.c:374:13:MX_CRC_Init	8	static
main.c:389:13:MX_TIM1_Init	40	static
main.c:267:6:SystemClock_Config	216	static
main.c:167:5:main	72	static
main.c:959:6:StartDefaultTask	2280	static
