core_cm7.h:2073:22:SCB_EnableICache	4	static
core_cm7.h:2123:22:SCB_EnableDCache	24	static
main.c:174:5:main	80	static
main.c:277:6:SystemClock_Config	216	static
main.c:354:13:MX_ADC3_Init	24	static
main.c:391:13:MX_CRC_Init	8	static
main.c:408:13:MX_TIM1_Init	40	static
main.c:443:13:MX_USART1_UART_Init	8	static
main.c:533:13:MX_GPIO_Init	72	static
main.c:899:5:__io_putchar	24	static
main.c:906:5:_write	32	static
main.c:914:5:__io_getchar	16	static
main.c:924:5:_read	40	static
main.c:933:6:vOutputChar	16	static
main.c:937:12:xApplicationMemoryPermissions	16	static
main.c:942:7:pvPortCalloc	24	static
main.c:954:7:pvPortRealloc	24	static
main.c:969:6:StartDefaultTask	2312	static
main.c:1296:6:StartUSBDTask	16	static
main.c:1307:6:StartSTEMWINTask	16	static
main.c:1329:6:HAL_TIM_PeriodElapsedCallback	16	static
main.c:1348:6:_Error_Handler	16	static
