usbd_conf.c:95:6:HAL_PCD_MspInit	40	static
usbd_conf.c:128:6:HAL_PCD_MspDeInit	8	static
usbd_conf.c:159:6:HAL_PCD_SetupStageCallback	8	static
usbd_conf.c:170:6:HAL_PCD_DataOutStageCallback	8	static
usbd_conf.c:181:6:HAL_PCD_DataInStageCallback	8	static
usbd_conf.c:191:6:HAL_PCD_SOFCallback	8	static
usbd_conf.c:201:6:HAL_PCD_ResetCallback	8	static
usbd_conf.c:231:6:HAL_PCD_SuspendCallback	8	static
usbd_conf.c:252:6:HAL_PCD_ResumeCallback	8	static
usbd_conf.c:266:6:HAL_PCD_ISOOUTIncompleteCallback	8	static
usbd_conf.c:277:6:HAL_PCD_ISOINIncompleteCallback	8	static
usbd_conf.c:287:6:HAL_PCD_ConnectCallback	8	static
usbd_conf.c:297:6:HAL_PCD_DisconnectCallback	8	static
usbd_conf.c:311:20:USBD_LL_Init	8	static
usbd_conf.c:347:20:USBD_LL_DeInit	8	static
usbd_conf.c:379:20:USBD_LL_Start	8	static
usbd_conf.c:411:20:USBD_LL_Stop	8	static
usbd_conf.c:446:20:USBD_LL_OpenEP	8	static
usbd_conf.c:479:20:USBD_LL_CloseEP	8	static
usbd_conf.c:512:20:USBD_LL_FlushEP	8	static
usbd_conf.c:545:20:USBD_LL_StallEP	8	static
usbd_conf.c:578:20:USBD_LL_ClearStallEP	8	static
usbd_conf.c:611:9:USBD_LL_IsStallEP	0	static
usbd_conf.c:631:20:USBD_LL_SetUSBAddress	8	static
usbd_conf.c:666:20:USBD_LL_Transmit	8	static
usbd_conf.c:701:20:USBD_LL_PrepareReceive	8	static
usbd_conf.c:734:10:USBD_LL_GetRxDataSize	8	static
usbd_conf.c:745:6:HAL_PCDEx_LPM_Callback	8	static
usbd_conf.c:781:6:USBD_LL_Delay	8	static
